
Running 1 test using 1 worker

[1A[2K[1/1] [chromium] ΓÇ║ tests\provider-dashboard.spec.ts:89:9 ΓÇ║ Provider Dashboard ΓÇ║ should navigate to Clients, search, and view details
[1A[2K  1) [chromium] ΓÇ║ tests\provider-dashboard.spec.ts:89:9 ΓÇ║ Provider Dashboard ΓÇ║ should navigate to Clients, search, and view details 

    Error: [2mexpect([22m[31mlocator[39m[2m).[22mtoBeVisible[2m([22m[2m)[22m failed

    Locator: getByRole('heading', { name: 'Test Client' })
    Expected: visible
    Error: strict mode violation: getByRole('heading', { name: 'Test Client' }) resolved to 2 elements:
        1) <h3>Test Client</h3> aka locator('h3').filter({ hasText: 'Test Client' })
        2) <h2>Test Client</h2> aka locator('h2')

    Call log:
    [2m  - Expect "toBeVisible" with timeout 5000ms[22m
    [2m  - waiting for getByRole('heading', { name: 'Test Client' })[22m


       99 |
      100 |         // Check for modal content
    > 101 |         await expect(page.getByRole('heading', { name: 'Test Client' })).toBeVisible();
          |                                                                          ^
      102 |         await expect(page.getByText('Total Revenue')).toBeVisible();
      103 |         await expect(page.getByText('$500')).toBeVisible();
      104 |
        at C:\Coding\eto\client\tests\provider-dashboard.spec.ts:101:74

    Error Context: test-results\provider-dashboard-Provide-9b109-nts-search-and-view-details-chromium\error-context.md


[1A[2K  1 failed
    [chromium] ΓÇ║ tests\provider-dashboard.spec.ts:89:9 ΓÇ║ Provider Dashboard ΓÇ║ should navigate to Clients, search, and view details 
